C251 COMPILER V5.60.0,  main                                                               25/07/24  15:25:48  PAGE 1   


C251 COMPILER V5.60.0, COMPILATION OF MODULE main
OBJECT MODULE PLACED IN .\Objects\main.obj
COMPILER INVOKED BY: D:\software\keilc51\C251\BIN\C251.EXE Sources\User\main.c XSMALL FUNCTIONS(REENTRANT) OPTIMIZE(4,SP
                    -EED) BROWSE INCDIR(.\Sources\User;.\Sources\User\include;.\Sources\FreeRTOS\include;.\Sources\FreeRTOS\portable\STC32G12
                    -K128;.\Sources\Driver\inc;.\Sources\Task\inc) DEBUG PRINT(.\Listings\main.lst) OBJECT(.\Objects\main.obj) 

stmt  level    source

    1          
    2          /*
    3           * FreeRTOS STC port V1.0.2
    4           * 
    5           * STC32G12K128功能简介：
    6           *    2组 CAN, 3组Lin, USB, 32位 8051, RMB5,
    7           *    高精准12位ADC, DMA 支持(TFT彩屏, ADC, 4组串口, SPI, I2C )
    8           *  
    9           *  各位用户在后续的使用过程中，如果发现有不正确的地方或者
   10           *  有可改善的地方，请和STC联系，由STC官方进行统一修改并更新版本
   11           *
   12           *  若您的代码或文章中需要引用本程序包中的部分移植代码，请在您的
   13           *  代码或文章中注明参考或使用了STC的FreeRTOS的移植代码
   14          */
   15          
   16          #include "FreeRTOS.h"
   17          #include "task.h"
   18          #include "System_init.h"
   19          
   20          // #include "display.h"
   21          // #include "rtc.h"
   22          // #include "ntc.h"
   23          // #include "adckey.h"
   24          // #include "uart2_3.h"
   25          // #include "MatrixKey.h"
   26          // #include "i2c_ps.h"
   27          // #include "pwmb.h"
   28          #include "mzqGlobal.h"
   29          #include "Semphr.h"
   30          #include "STC32G_UART.h"
   31          void vSystemInit( void );
   32          void motorInit(void);
   33          extern void outputSpeed(void *pvParameters);
   34          extern void PWMupdate(void *pvParameters);
   35          extern QueueHandle_t pwmUpdateSignal;
   36          extern void openMVgetAngle(void *pvParameters);
   37          
   38          void main( void )
   39          {
   40   1          /* 系统初始化 */
   41   1          vSystemInit();
   42   1          motorInit();
   43   1          PidInit(&pid1);
   44   1          PidInit(&pid2);
   45   1          PidInit(&pidLoc);
   46   1          pid1.kp = 0.1;
   47   1          pid1.ki = 1;
   48   1          pid2.kp = 0.1;
   49   1          pid2.ki = 1;
   50   1          pidLoc.kp = 2;
   51   1          pwmUpdateSignal = xSemaphoreCreateBinary();
   52   1          /* 创建任务 */
   53   1          xTaskCreate((TaskFunction_t )outputSpeed,
   54   1                      (const char*    )"outputTIM",
   55   1                      (uint16_t       )configDEFAULT_STACK_SIZE,
   56   1                      (void*          )NULL,
   57   1                      (UBaseType_t    )(configDEFAULT_PRIORITIES)+2,
C251 COMPILER V5.60.0,  main                                                               25/07/24  15:25:48  PAGE 2   

   58   1                      (TaskHandle_t*  )NULL);
   59   1          xTaskCreate((TaskFunction_t )PWMupdate,
   60   1                      (const char*    )"PWMupdate",
   61   1                      (uint16_t       )configDEFAULT_STACK_SIZE,
   62   1                      (void*          )NULL,
   63   1                      (UBaseType_t    )(configDEFAULT_PRIORITIES)+3,
   64   1                      (TaskHandle_t*  )NULL);
   65   1          xTaskCreate((TaskFunction_t )openMVgetAngle,
   66   1                      (const char*    )"openMVgetAngle",
   67   1                      (uint16_t       )configDEFAULT_STACK_SIZE,
   68   1                      (void*          )NULL,
   69   1                      (UBaseType_t    )(configDEFAULT_PRIORITIES)+4,
   70   1                      (TaskHandle_t*  )NULL);
   71   1          // xTaskCreate((TaskFunction_t )vDisplayTask,
   72   1          //             (const char*    )"DISPLAY",
   73   1          //             (uint16_t       )configDEFAULT_STACK_SIZE,
   74   1          //             (void*          )NULL,
   75   1          //             (UBaseType_t    )(configDEFAULT_PRIORITIES + 1),
   76   1          //             (TaskHandle_t*  )NULL);
   77   1          // xTaskCreate((TaskFunction_t )vRtcTask,
   78   1          //             (const char*    )"RTC",
   79   1          //             (uint16_t       )configDEFAULT_STACK_SIZE,
   80   1          //             (void*          )NULL,
   81   1          //             (UBaseType_t    )(configDEFAULT_PRIORITIES + 1),
   82   1          //             (TaskHandle_t*  )NULL);
   83   1          // xTaskCreate((TaskFunction_t )vAdcKeyTask,
   84   1          //             (const char*    )"ADCKEY",
   85   1          //             (uint16_t       )configDEFAULT_STACK_SIZE,
   86   1          //             (void*          )NULL,
   87   1          //             (UBaseType_t    )(configDEFAULT_PRIORITIES),
   88   1          //             (TaskHandle_t*  )NULL);
   89   1          // xTaskCreate((TaskFunction_t )vNtcTask,
   90   1          //             (const char*    )"NTC",
   91   1          //             (uint16_t       )configDEFAULT_STACK_SIZE,
   92   1          //             (void*          )NULL,
   93   1          //             (UBaseType_t    )(configDEFAULT_PRIORITIES),
   94   1          //             (TaskHandle_t*  )NULL);
   95   1          // xTaskCreate((TaskFunction_t )vUart2_3Task,
   96   1          //             (const char*    )"UART2_3",
   97   1          //             (uint16_t       )configDEFAULT_STACK_SIZE,
   98   1          //             (void*          )1000,  //注意pvParameters参数传地址或者立即数时只有低24位是有效位，最
             -高8位编译时会自动填0. 可通过变量或者常量传送32字节数据.
   99   1          //             (UBaseType_t    )(configDEFAULT_PRIORITIES),
  100   1          //             (TaskHandle_t*  )NULL);
  101   1          // xTaskCreate((TaskFunction_t )vMatrixKeyTask,
  102   1          //             (const char*    )"MatrixKey",
  103   1          //             (uint16_t       )configDEFAULT_STACK_SIZE,
  104   1          //             (void*          )NULL,
  105   1          //             (UBaseType_t    )(configDEFAULT_PRIORITIES),
  106   1          //             (TaskHandle_t*  )NULL);
  107   1          // xTaskCreate((TaskFunction_t )vI2C_PsTask,
  108   1          //             (const char*    )"I2C_PS",
  109   1          //             (uint16_t       )configDEFAULT_STACK_SIZE,
  110   1          //             (void*          )NULL,
  111   1          //             (UBaseType_t    )(configDEFAULT_PRIORITIES),
  112   1          //             (TaskHandle_t*  )NULL);
  113   1          // xTaskCreate((TaskFunction_t )vPWMB_LedTask,
  114   1          //             (const char*    )"PWMB_LED",
  115   1          //             (uint16_t       )configDEFAULT_STACK_SIZE,
  116   1          //             (void*          )NULL,
  117   1          //             (UBaseType_t    )(configDEFAULT_PRIORITIES),
  118   1          //             (TaskHandle_t*  )NULL);
  119   1      
  120   1          /* 启动任务调度器开始任务调度 */
  121   1          vTaskStartScheduler();
  122   1      
C251 COMPILER V5.60.0,  main                                                               25/07/24  15:25:48  PAGE 3   

  123   1          /* 正常情况下不会运行到此处 */
  124   1          while (1){};
  125   1      }
  126          void motorInit(void){
  127   1        STBY_6612 = 1;
  128   1        AIN1_6612 = 0;
  129   1        AIN2_6612 = 0;
  130   1        BIN1_6612 = 0;
  131   1        BIN2_6612 = 0;
  132   1      }


Module Information          Static   Overlayable
------------------------------------------------
  code size            =       204     ------
  ecode size           =    ------     ------
  data size            =    ------     ------
  idata size           =    ------     ------
  pdata size           =    ------     ------
  xdata size           =    ------     ------
  xdata-const size     =    ------     ------
  edata size           =    ------     ------
  bit size             =    ------     ------
  ebit size            =    ------     ------
  bitaddressable size  =    ------     ------
  ebitaddressable size =    ------     ------
  far data size        =    ------     ------
  huge data size       =    ------     ------
  const size           =    ------     ------
  hconst size          =        35     ------
End of Module Information.


C251 COMPILATION COMPLETE.  0 WARNING(S),  0 ERROR(S)
